date	lead_time	rmse	bias	25p	50p	75p	IQR	LW	UW	mae	gss	fbias	pod	far	csi	corr	stdev	sr
2024-04-01 02:00:00	1	5.47031151505105	1.0080553622327304	-0.8772479068352794	0.10654485788361967	3.0909271240234375	3.968175030858717	-6.829510453123355	9.043189670311513	3.643547958769518	0.0	nan	nan	1.0	0.0	0.6173284275487291	5.9784155	0.0
