date	lead_time	rmse	bias	25p	50p	75p	IQR	LW	UW	mae	gss	fbias	pod	far	csi	corr	stdev	sr
2024-04-01 02:00:00	1	0.3606800483424207	0.014733754043505267	-0.23724365234375	-0.04974365234375	0.20025634765625	0.4375	-0.89349365234375	0.85650634765625	0.2715349051848177	0.0	nan	nan	1.0	0.0	0.9988770537429664	7.468718462084811	0.0
