date	lead_time	rmse	bias	25p	50p	75p	IQR	LW	UW	mae	gss	fbias	pod	far	csi	corr	stdev	sr
2024-04-01 02:00:00	1	0.41583401803720565	0.02145108315994316	-0.29974365234375	-0.11224365234375	0.20025634765625	0.5	-1.04974365234375	0.95025634765625	0.31995876033792636	0.0	nan	nan	1.0	0.0	0.9981213630592213	6.437940382290275	0.0
